// Jest Snapshot v1, https://goo.gl/fbAQLP

exports[`Icon component Renders correctly it renders Default Empty Icon 1`] = `
<RNSVGSvgView
  align="xMidYMid"
  bbHeight={40}
  bbWidth={40}
  focusable={false}
  height={40}
  meetOrSlice={0}
  minX={0}
  minY={0}
  style={
    Array [
      Object {
        "backgroundColor": "transparent",
        "borderWidth": 0,
      },
      undefined,
      Object {
        "opacity": 1,
      },
      Object {
        "flex": 0,
        "height": 40,
        "width": 40,
      },
    ]
  }
  vbHeight={462.035}
  vbWidth={462.035}
  width={40}
>
  <RNSVGGroup
    fill={
      Array [
        0,
        4278190080,
      ]
    }
    fillOpacity={1}
    fillRule={1}
    font={Object {}}
    matrix={
      Array [
        1,
        0,
        0,
        1,
        0,
        0,
      ]
    }
    opacity={1}
    originX={0}
    originY={0}
    propList={Array []}
    rotation={0}
    scaleX={1}
    scaleY={1}
    skewX={0}
    skewY={0}
    stroke={null}
    strokeDasharray={null}
    strokeDashoffset={null}
    strokeLinecap={0}
    strokeLinejoin={0}
    strokeMiterlimit={4}
    strokeOpacity={1}
    strokeWidth={1}
    vectorEffect={0}
    x={0}
    y={0}
  >
    <RNSVGPath
      d="M457.83,158.441c-0.021-0.028-0.033-0.058-0.057-0.087l-50.184-62.48c-0.564-0.701-1.201-1.305-1.879-1.845 c-2.16-2.562-5.355-4.225-8.967-4.225H65.292c-3.615,0-6.804,1.661-8.965,4.225c-0.678,0.54-1.316,1.138-1.885,1.845l-50.178,62.48 c-0.023,0.029-0.034,0.059-0.057,0.087C1.655,160.602,0,163.787,0,167.39v193.07c0,6.5,5.27,11.771,11.77,11.771h438.496 c6.5,0,11.77-5.271,11.77-11.771V167.39C462.037,163.787,460.381,160.602,457.83,158.441z M408.516,134.615l16.873,21.005h-16.873 V134.615z M384.975,113.345v42.274H296.84c-2.514,0-4.955,0.805-6.979,2.293l-58.837,43.299l-58.849-43.305 c-2.023-1.482-4.466-2.287-6.978-2.287H77.061v-42.274H384.975z M53.523,155.62H36.65l16.873-21.005V155.62z M438.498,348.69H23.54 V179.16h137.796l62.711,46.148c4.15,3.046,9.805,3.052,13.954-0.005l62.698-46.144h137.799V348.69L438.498,348.69z"
      fill={
        Array [
          0,
          4294967295,
        ]
      }
      fillOpacity={1}
      fillRule={1}
      matrix={
        Array [
          1,
          0,
          0,
          1,
          0,
          0,
        ]
      }
      opacity={1}
      originX={0}
      originY={0}
      propList={
        Array [
          "fill",
        ]
      }
      rotation={0}
      scaleX={1}
      scaleY={1}
      skewX={0}
      skewY={0}
      stroke={null}
      strokeDasharray={null}
      strokeDashoffset={null}
      strokeLinecap={0}
      strokeLinejoin={0}
      strokeMiterlimit={4}
      strokeOpacity={1}
      strokeWidth={1}
      vectorEffect={0}
      x={0}
      y={0}
    />
  </RNSVGGroup>
</RNSVGSvgView>
`;
