// Jest Snapshot v1, https://goo.gl/fbAQLP

exports[`Icon component Renders correctly it renders Default Empty Icon 1`] = `
<Image
  source={
    Object {
      "testUri": "../../../src/assets/icons/emptyBox.png",
    }
  }
  style={
    Object {
      "height": 40,
      "tintColor": "#FFFFFF",
      "width": 40,
    }
  }
/>
`;
